false Name Name ( $ Name : [ Name ! ] ! = [ Int ] ) @ Name { ... Name Name : Name ( Name : Float Name : BlockString ) | & <error> } <EOF>
0 1 2 3 5 6 7
8 9 10 11 12 13 14
15 16 18 19 20
true
a true false false false true true
b false true false false true 1.5
o false false true false true {"x": 3}
v false false false true true 42
[Int!] Int! true
false true
true true
id 1 0
title 2 0
true
{
  "extensions": {
    "ms": 3
  },
  "data": {
    "book": null,
    "names": "{\"a\": true, \"b\": 1.5, \"v\": 42, \"o\": {\"x\": 3}}"
  }
}
