Greater tensor(4)[0 0 1 1]
GreaterEqual tensor(4)[1 1 1 1]
Less tensor(4)[1 1 0 0]
LessEqual tensor(4)[1 1 0 0]
EqualMask tensor(4)[1 1 1 1]
NotEqualMask tensor(4)[1 1 1 1]
GreaterScalar tensor(4)[0 0 1 1]
LessScalar tensor(4)[1 0 0 0]
EqualScalar tensor(4)[0 0 1 0]
Where tensor(4)[0 -1 2 3]
MaskedFill tensor(4)[0 1 -1 -1]
IndexSelect tensor(2x2)[4 5 0 1]
TakeRows tensor(2x2)[4 5 0 1]
Gather tensor(3x1)[1 2 4]
true
ScatterAddRows tensor(3x2)[1 1 0 0 1 1]
OneHot tensor(2x3)[0 0 1 1 0 0]
TopK tensor(2)[4 3]
TopK places tensor(2)[4 3]
Tril tensor(3x3)[1 0 0 1 1 0 1 1 1]
Triu tensor(3x3)[0 1 1 0 0 1 0 0 0]
true 2 3
Pad2D tensor(1x1x2x2)[0 0 1 0]
