+ tensor(4)[2 3 4 5]
*-/ tensor(4)[-1 1 3 5]
Add tensor(4)[2 3 4 5]
Sub tensor(4)[-2 -1 0 1]
Mul tensor(4)[0 2 4 6]
Div tensor(4)[0 0.5 1 1.5]
true true true true
DivInto tensor(4)[0 0.5 1 1.5]
+1 tensor(4)[1 2 3 4]
-1 tensor(4)[-1 0 1 2]
x3 tensor(4)[0 3 6 9]
/2 tensor(4)[0 0.5 1 1.5]
Neg tensor(4)[0 -1 -2 -3]
in place tensor(4)[3 5 7 9]
Exp x1000: 1000 2718 7389 10000
Log x1000: 693 693 693 693
Tanh tensor(2)[0 0]
Sigmoid x1000: 500 500
Relu tensor(4)[0 0 0 0]
Gelu x1000: 0 0
Silu x1000: 0 0
Sqrt tensor(4)[2 2 2 2]
Abs tensor(4)[0 1 2 3]
Square tensor(4)[0 1 4 9]
PowScalar tensor(4)[0 1 8 27]
6 1.5 3 0 3
SumAxis tensor(3)[3 5 7]
MeanAxis tensor(2x1)[1 4]
MaxAxis tensor(2)[2 5]
ArgMaxAxis tensor(2)[2 2]
Cumsum tensor(2x3)[0 1 3 3 7 12]
true true
Transpose2D tensor(3x2)[0 3 1 4 2 5]
MatMul tensor(2x2)[5 14 14 50]
TransposeMul tensor(3x3)[9 12 15 12 17 22 15 22 29]
MulTranspose tensor(2x2)[5 14 14 50]
true true
MatMulAcc tensor(2x2)[10 28 28 100]
MatVec tensor(2)[3 12]
2x2x2 12
2 true
