true 2 true
values [3.000,1.000]
EigReconstruct [2.000,1.000; 1.000,2.000]
EigValsSym [3.000,1.000]
3.000
PowSym [5.000,4.000; 4.000,5.000]
SqrtSym squared [2.000,1.000; 1.000,2.000]
true 2 [-1.000,-2.000] [0.000,0.000] true
imaginary [1.000,-1.000]
2.000
Hessenberg [1.000,-3.597,-0.248; -8.062,14.800,2.400; 0.000,0.400,0.200]
CharPoly [2.000,3.000,1.000]
EigVecFor [0.707; 0.707]
3.000 3.000 1.000
true 3x2 2x2
singular values [4.000,3.000]
SingularValues [4.000,3.000]
2
PseudoInverse [0.333,0.000,0.000; 0.000,0.250,0.000]
NullSpace [0.707; -0.707]
ColumnSpace [0.707; 0.707]
LowRankApprox [3.000,0.000; 0.000,0.000]
true true true true
true true true
true true
true 1 1
true true true
true true
true true
true true
true true true
true true true
0.778
