18.000 2.890
Solve [0.222; 0.111; 1.444]
SolveVec [0.222; 0.111; 1.444]
3 3 1 false 3x3
LUSolve [0.222; 0.111; 1.444]
a times its inverse [1.000,0.000,0.000; 0.000,1.000,0.000; 0.000,0.000,1.000]
Adjugate [4.000,-2.000; -3.000,1.000]
Residual [0.000; 0.000; 0.000]
3 3 true 3x3 1x3
Q times R [4.000,1.000,0.000; 1.000,3.000,1.000; 0.000,1.000,2.000]
QRSolve [0.222; 0.111; 1.444]
LeastSquares [1.000; 2.000]
Orthonormalize [1.000,0.000; 0.000,1.000]
Cholesky [2.000,0.000,0.000; 0.500,1.658,0.000; 0.000,0.603,1.279]
SolveSPD [0.222; 0.111; 1.444]
CholeskySolve [0.222; 0.111; 1.444]
InverseSPD [1.000,0.000,0.000; 0.000,1.000,0.000; 0.000,0.000,1.000]
18.000 2.890
true 3 3x3 1x3
LDLSolve [0.222; 0.111; 1.444]
Inertia [1.000,1.000,0.000]
RowEchelon [2.000,4.000,6.000; 0.000,-1.000,-2.000; 0.000,0.000,0.000]
RREF [1.000,0.000,-1.000; 0.000,1.000,2.000; 0.000,0.000,0.000]
PivotColumns [0.000,1.000]
2 1
NullSpaceExact [1.000; -2.000; 1.000]
ColumnSpaceExact [1.000,2.000; 2.000,4.000; 1.000,1.000]
true false
SolveGeneral [0.000; 3.000; 0.000]
true
true true true
Jacobi [0.222; 0.111; 1.444]
iterative [0.222; 0.111; 1.444]
iterative [0.222; 0.111; 1.444]
iterative [0.222; 0.111; 1.444]
Expm [1.000,0.000; 0.000,1.000]
Sqrtm [2.000,0.000; 0.000,3.000]
MatrixSign [1.000,0.000; 0.000,-1.000]
PolyEval [2.000,0.000; 0.000,5.000]
CayleyHamilton [0.000,0.000; 0.000,0.000]
LogmSym [0.000,0.000; 0.000,0.000]
