Reshape [1.0,2.0; 3.0,4.0; 5.0,6.0]
Flatten [1.0,2.0,3.0,4.0,5.0,6.0]
FlattenCol [1.0; 2.0; 3.0; 4.0; 5.0; 6.0]
Row [4.0,5.0,6.0]
Col [3.0; 6.0]
SetRow and SetCol [3.0,5.0,6.0; 6.0,5.0,6.0]
SubMatrix [5.0,6.0; 8.0,9.0]
Minor [5.0,6.0; 8.0,9.0]
DeleteRow [1.0,2.0,3.0; 7.0,8.0,9.0]
DeleteCol [1.0,3.0; 4.0,6.0; 7.0,9.0]
InsertRow [1.0,2.0,3.0; 1.0,2.0,3.0; 4.0,5.0,6.0]
InsertCol [3.0,1.0,2.0,3.0; 6.0,4.0,5.0,6.0]
swapped [6.0,5.0,6.0; 6.0,5.0,3.0]
Diagonal [1.0,5.0,9.0]
DiagonalOffset [2.0,6.0]
new diagonal [11.0,11.0,11.0]
HStack [1.0,2.0,3.0,1.0,2.0,3.0; 4.0,5.0,6.0,4.0,5.0,6.0]
VStack [1.0,2.0,3.0; 4.0,5.0,6.0; 1.0,2.0,3.0; 4.0,5.0,6.0]
Augment [1.0,2.0,3.0,1.0,0.0,0.0; 4.0,5.0,6.0,0.0,1.0,0.0; 7.0,8.0,9.0,0.0,0.0,1.0]
BlockDiag [1.0,0.0; 0.0,2.0]
Triu [1.0,2.0,3.0; 0.0,5.0,6.0; 0.0,0.0,9.0]
Tril [0.0,0.0,0.0; 4.0,0.0,0.0; 7.0,8.0,0.0]
SymmetrizeUpper [1.0,2.0,3.0; 2.0,5.0,6.0; 3.0,6.0,9.0]
SymPart [1.0,3.0,5.0; 3.0,5.0,7.0; 5.0,7.0,9.0]
SkewPart [0.0,-1.0,-2.0; 1.0,0.0,-1.0; 2.0,1.0,0.0]
FlipVertical [4.0,5.0,6.0; 1.0,2.0,3.0]
FlipHorizontal [3.0,2.0,1.0; 6.0,5.0,4.0]
Rot90 [3.0,6.0; 2.0,5.0; 1.0,4.0]
Roll [3.0,1.0,2.0; 6.0,4.0,5.0]
Tile [1.0,1.0; 1.0,1.0]
Pad [9.0,9.0; 1.0,9.0]
