Hilbert [1.000,0.500; 0.500,0.333]
Hilbert times its inverse [1.000,0.000,0.000; 0.000,1.000,0.000; 0.000,0.000,1.000]
Vandermonde [1.000,1.000,1.000; 1.000,2.000,4.000; 1.000,3.000,9.000]
Toeplitz [1.000,4.000,5.000; 2.000,1.000,4.000; 3.000,2.000,1.000]
Hankel [1.000,2.000,3.000; 2.000,3.000,4.000; 3.000,4.000,5.000]
Circulant [1.000,2.000,3.000; 3.000,1.000,2.000; 2.000,3.000,1.000]
Companion [0.000,-0.500; 1.000,1.500]
Pascal [1.000,1.000,1.000; 1.000,2.000,3.000; 1.000,3.000,6.000]
Rotation2D [1.000,0.000; 0.000,1.000]
Rotation3D [1.000,0.000,0.000; 0.000,1.000,0.000; 0.000,0.000,1.000]
Householder [-1.000,0.000; 0.000,1.000]
Givens [1.000,0.000; 0.000,1.000]
Permutation [0.000,0.000,1.000; 1.000,0.000,0.000; 0.000,1.000,0.000]
true true true
2x3 true true true
2x2
true true true
CenterColumns [-1.500,-3.000; -0.500,-1.000; 0.500,1.000; 1.500,3.000]
ColumnMeans [2.500,5.000]
ColumnStds [1.118,2.236]
Standardize [-1.342,-1.342; -0.447,-0.447; 0.447,0.447; 1.342,1.342]
Covariance [1.667,3.333; 3.333,6.667]
Correlation [1.000,1.000; 1.000,1.000]
2x2 1x2 1x2
ExplainedVariance [1.000,0.000]
PCATransform [3.354; 1.118; 1.118; 3.354]
from the SVD [1.000,0.000]
LinearRegression [1.000; 2.000]
1.000
