Transpose [1.0,3.0; 2.0,4.0]
MatMul [2.0,1.0; 4.0,3.0]
true true
into [2.0,1.0; 4.0,3.0]
TransposeMul [3.0,1.0; 4.0,2.0]
MulTranspose [2.0,1.0; 4.0,3.0]
Gram [10.0,14.0; 14.0,20.0]
MatVec [-1.0; -1.0]
VecMat [70.0,100.0]
2 5
Outer [1.0,-1.0; -1.0,1.0]
Kron [3.0,3.0,0.0,0.0; 0.0,0.0,3.0,3.0]
MatPow [7.0,10.0; 15.0,22.0]
Cross3 [0.0; 0.0; 1.0]
Add [1.0,3.0; 4.0,4.0]
Sub [1.0,1.0; 2.0,4.0]
MulElem [0.0,2.0; 3.0,0.0]
DivElem [1.0,1.0; 1.0,1.0]
Neg [-1.0,-2.0; -3.0,-4.0]
with scalars [2.0,4.0; 6.0,8.0]
in place [0.5,1.0; 0.5,-1.0]
Combine [2.0,3.0; 5.0,8.0]
MaxElem [2.5,2.5; 3.0,4.0]
MinElem [1.0,2.0; 2.5,2.5]
AddRowVector [11.0,22.0; 13.0,24.0]
AddColVector [2.0,3.0; 2.0,3.0]
MulRowVector [10.0,40.0; 30.0,80.0]
MulColVector [1.0,2.0; -3.0,-4.0]
Abs [2.3,0.0,0.5,9.0]
Sqrt [1.5,0.0,0.7,3.0]
Cbrt [2.0,-3.0]
Floor and Ceil [-3.0,0.0,0.0,9.0,-2.0,0.0,1.0,9.0]
Round and Trunc [-2.0,0.0,1.0,9.0,-2.0,0.0,0.0,9.0]
Sign [-1.0,0.0,1.0,1.0]
Square [5.1,0.0,0.3,81.0]
Reciprocal [0.5,0.3]
PowElem [8.0,27.0]
Clip [0.0,0.0,0.5,1.0]
MaxScalar and MinScalar [0.0,0.0,0.5,9.0,-2.3,0.0,0.0,0.0]
Chop [0.0,1.0]
1.000 0.000 2.000 3.000
0.000 1.000 0.000
0.000 0.000 0.000
0.000 1.000 0.000
10 24 2.5 1 4 3
0 3 1 1 9
1.667 1.118 2.5
RowSums [3.0; 7.0]
ColSums [4.0,6.0]
RowMeans [1.5; 3.5]
ColMeans [2.0,3.0]
RowMins and RowMaxs [1.0,2.0; 3.0,4.0]
ColMins and ColMaxs [1.0,2.0; 3.0,4.0]
cumulative [1.0,3.0,1.0,2.0; 3.0,7.0,4.0,6.0]
CumProdRows [1.0,2.0; 3.0,12.0]
2 true false true
5.477 6 7 4
5.465 5.831 2 1.414
Normalize [0.6,0.8]
0.45 0.89
0.60 0.80
0.32 0.45
0.95 0.89
21.000 21.000 14.933
