6 4 Tehran false true
2 3 4 2.5 true -1
2 2 2 [1 3]
0 0 1
2 1 2.5
1 1 2.5
in 0 0
in 0 3
in 1 1
1 true 1 false
2 3 8.5
true true false 8
true 4
5 3 [-1 0 1 2 3 4]
1 3
5 6 2 3
3
2.5
0 1 2.5
1 2 1

0: 1
1: 0 2
2: 1

0 1 0
1 0 1
0 1 0

graph G {
  "0";
  "1";
  "2";
  "0" -- "1" [label="2.5"];
  "1" -- "2";
}

graph LR
  0 --- 1
  1 --- 2

{"directed":false,"nodes":[{"id":0,"name":"0"},{"id":1,"name":"1"},{"id":2,"name":"2"}],"links":[{"source":0,"target":1,"weight":2.5},{"source":1,"target":2,"weight":1}]}
n=3 m=2 undirected components=1 simple bipartite tree
true true -1
0 6 6 3 8
7 12 15 12 7
10 15 7 20 20
