50 200 3 1 [3 2 2 2 1] [0 1 3 1]
true true 3 [3 3 2 2 3]
3 2 [2 3] [0 1 4] 170 17 3
33 47 50 1 -11 1 3
[50 50 75 50 25]/100
[57 57 80 67 44]/100
[71 71 88 75 54]/100
[0 0 400 300 0]/100
[100 300 300 600 400]/100
[50 50 60 34 15]/100
[126 126 138 125 113]/100
[32 31 33 4]/100 2
[33 33 67 0]/100 [33 33 33 33]/100
2
[25 25 25 25]/100
3 1 0 2
1 2 2 -71 2
6 3 4
[200 300]/100 [-141 0 141]/100 [0 100 300]/100
141 100
3 7 2
true true 10 false
true false 3
3 1 10 10 20 false
true
true true false true 3 3 true
3
[3 2 1 0] 3 6
[7 7 7] 3
