https://s3.eu-central-1.amazonaws.com https://sts.eu-central-1.amazonaws.com https://sqs.eu-west-1.amazonaws.com
https://s3.eu-central-1.amazonaws.com http://127.0.0.1:9000
https://acct.r2.cloudflarestorage.com https://ams3.digitaloceanspaces.com
https://s3.eu-central-1.wasabisys.com https://s3.us-west-004.backblazeb2.com
ir-tehran
false
true backup 5 200 true s3
endpoint=http://127.0.0.1:9000 bucket=backup region=us-east-1 addressing=path access_key=AKID... secret=set (6 chars)
eu-west-1 me-central-1
true true
photos
true static false container
AKIDEXAMPLE
true ASIAEXAMPLE t 2030-01-01T00:00:00Z sts
false 1000
temporary ASIA..., expires 2030-01-01T00:00:00Z, from sts
environment profile web-identity instance
2011-06-15 900 43200
true true false true
false no network
