20130524T000000Z 20130524 20130524/us-east-1/s3/aws4_request
/photos/a%20b%2Bc.png a%20b/c a%20b%2Fc
AWS4-HMAC-SHA256 UNSIGNED-PAYLOAD
true
true 20130524T000000Z
AWS4-HMAC-SHA256 Credential=AKIAIOSFODNN7EXAMPLE/20130524/us-east-1/s3/aws4_request, SignedHeaders=host;range;x-amz-content-sha256;x-amz-date, Signature=f0e8bdb87c964420e857bd35b5d6ed310bd44f0170aba48dd91039c6036bdb41
64
true
true
GET
/test.txt
acl=&partNumber=2&versionId=v1
host:examplebucket.s3.amazonaws.com
range:bytes=0-9
x-amz-content-sha256:e3b0c44298fc1c149afbf4c8996fb92427ae41e4649b934ca495991b7852b855
x-amz-date:20130524T000000Z

host;range;x-amz-content-sha256;x-amz-date
e3b0c44298fc1c149afbf4c8996fb92427ae41e4649b934ca495991b7852b855
true true
UNSIGNED-PAYLOAD
other true
5
0582bd2c13fff71d7f40ef5586e3f4da05a3a61fe5ba9f0b4d06e99905ab83ea
3mg4JS+V07noA7KN8ztLqg== BYK9LBP/9x1/QO9VhuP02gWjph/lup8LTQbpmQWrg+o=
de6838252f95d3b9e803b28df33b4baa de6838252f95d3b9e803b28df33b4baa
3 text/html false
x-amz-meta-tag b
team=web&env=prod%20test
9b2cf5
NoSuchKey The key does not exist
The key does not exist
the object store answered 503
