true true 2 16 0 8x2 8x1 true
همسایه [0.000; 1.000]
2x2 1.000 0
true true false 0 16 0 8x2 8x1 false
رگرسور [0.000; 1.000]
1.000
true true 2 true 2x2 2x2 2x1
گاوسی [0.000; 1.000]
2x2 1.000
true true true 2 2x3 2x1
چندجمله‌ای [0.000; 0.000; 1.000; 1.000]
4x2 4x2 1.000
true true 2 true 2x2 2x2 2x1
خطی [0.000; 1.000]
2x2 1.000
true true 2 true 2x2 2 2x1
درجه دو [0.000; 1.000]
2x2 1.000
true true 2 1000 true 42 2x1 1x1
بردار پشتیبان خطی [0.000; 1.000]
2x1 1.000
true true 2 true 3 1 20 true 42
8x2 8x1 1x1
هسته شعاعی [0.000; 1.000]
2x1 1.000 0 2
0.667 0.667 0.667 0.667 0.667
درهم‌ریختگی [2.000,1.000; 1.000,2.000]
0.889 0.917 0.667 0.333 0.333
7x3 6x3
0.415
