+ tensor(4)[2 3 4 5]
*-/ tensor(4)[-1 1 3 5]
جمع tensor(4)[2 3 4 5]
تفریق tensor(4)[-2 -1 0 1]
ضرب tensor(4)[0 2 4 6]
تقسیم tensor(4)[0 0.5 1 1.5]
true true true true
تقسیم در tensor(4)[0 0.5 1 1.5]
+۱ tensor(4)[1 2 3 4]
-۱ tensor(4)[-1 0 1 2]
×۳ tensor(4)[0 3 6 9]
÷۲ tensor(4)[0 0.5 1 1.5]
قرینه tensor(4)[0 -1 -2 -3]
درجا tensor(4)[3 5 7 9]
نمایی ×۱۰۰۰: 1000 2718 7389 10000
لگاریتم ×۱۰۰۰: 693 693 693 693
تانژانت tensor(2)[0 0]
سیگموئید ×۱۰۰۰: 500 500
یکسوساز tensor(4)[0 0 0 0]
گلو ×۱۰۰۰: 0 0
سیلو ×۱۰۰۰: 0 0
ریشه tensor(4)[2 2 2 2]
قدر مطلق tensor(4)[0 1 2 3]
مربع tensor(4)[0 1 4 9]
توان tensor(4)[0 1 8 27]
6 1.5 3 0 3
مجموع محور tensor(3)[3 5 7]
میانگین محور tensor(2x1)[1 4]
بیشینه محور tensor(2)[2 5]
نمایه بیشینه tensor(2)[2 2]
جمع تجمعی tensor(2x3)[0 1 3 3 7 12]
true true
ترانهاده tensor(3x2)[0 3 1 4 2 5]
ضرب ماتریسی tensor(2x2)[5 14 14 50]
ضرب ترانهاده tensor(3x3)[9 12 15 12 17 22 15 22 29]
ضرب در ترانهاده tensor(2x2)[5 14 14 50]
true true
انباشته tensor(2x2)[10 28 28 100]
در بردار tensor(2)[3 12]
2x2x2 12
2 true
