بزرگتر tensor(4)[0 0 1 1]
بزرگتر مساوی tensor(4)[1 1 1 1]
کوچکتر tensor(4)[1 1 0 0]
کوچکتر مساوی tensor(4)[1 1 0 0]
برابری tensor(4)[1 1 1 1]
نابرابری tensor(4)[1 1 1 1]
از عدد tensor(4)[0 0 1 1]
کمتر از عدد tensor(4)[1 0 0 0]
یکسان با عدد tensor(4)[0 0 1 0]
کجا tensor(4)[0 -1 2 3]
پرکردن tensor(4)[0 1 -1 -1]
انتخاب tensor(2x2)[4 5 0 1]
ردیف‌ها tensor(2x2)[4 5 0 1]
گردآوری tensor(3x1)[1 2 4]
true
پراکندن tensor(3x2)[1 1 0 0 1 1]
یک‌داغ tensor(2x3)[0 0 1 1 0 0]
کی برتر tensor(2)[4 3]
جای برترها tensor(2)[4 3]
مثلث پایین tensor(3x3)[1 0 0 1 1 0 1 1 1]
مثلث بالا tensor(3x3)[0 1 1 0 0 1 0 0 0]
true 2 3
لایه‌گذاری tensor(1x1x2x2)[0 0 1 0]
