10 true false
5 1700000000 /start hello 42 private مریم maryam
42 false fa 4 7 علی
true start hello
false help
2
true cq1 yes مریم true 9
true iq1 کتاب 0
y
گروه
عکس
d q
خبر
{"inline_keyboard": [[{"text": "بله", "callback_data": "yes"}, {"text": "خیر", "callback_data": "no"}], [{"text": "سایت", "url": "https://salamlang.ir"}]]}
{"keyboard": [["منو"]], "resize_keyboard": true}
{"remove_keyboard": true} {"force_reply": true}
{"command": "start", "description": "شروع"}
https://api.telegram.org/file/bot123:ABC/photos/file_1.jpg
{"method": "sendMessage", "chat_id": 42, "text": "سلام"}
{"method": "sendMessage", "chat_id": 42, "text": "<b>سلام</b>", "parse_mode": "HTML", "disable_notification": true, "reply_to_message_id": 5}
{"method": "answerCallbackQuery", "callback_query_id": "cq1", "text": "ثبت شد"}
{"method": "sendChatAction", "chat_id": 42, "action": "typing"}
{"method": "editMessageText", "chat_id": 42, "message_id": 9, "text": "به‌روز شد", "reply_markup": {"remove_keyboard": true}}
X-Telegram-Bot-Api-Secret-Token
