true true 2 16 0 8x2 8x1 true
neighbors [0.000; 1.000]
2x2 1.000 0
true true false 0 16 0 8x2 8x1 false
regressor [0.000; 1.000]
1.000
true true 2 true 2x2 2x2 2x1
gaussian [0.000; 1.000]
2x2 1.000
true true true 2 2x3 2x1
multinomial [0.000; 0.000; 1.000; 1.000]
4x2 4x2 1.000
true true 2 true 2x2 2x2 2x1
linear [0.000; 1.000]
2x2 1.000
true true 2 true 2x2 2 2x1
quadratic [0.000; 1.000]
2x2 1.000
true true 2 1000 true 42 2x1 1x1
linear svm [0.000; 1.000]
2x1 1.000
true true 2 true 3 1 20 true 42
8x2 8x1 1x1
rbf kernel [0.000; 1.000]
2x1 1.000 0 2
0.667 0.667 0.667 0.667 0.667
confusion [2.000,1.000; 1.000,2.000]
0.889 0.917 0.667 0.333 0.333
7x3 6x3
0.415
