standard [-1.342,-1.342; -0.447,-0.447; 0.447,0.447; 1.342,1.342]
mean [2.500,25.000]
true true true 1x2
back [1.000,10.000; 2.000,20.000; 3.000,30.000; 4.000,40.000]
true
minmax [0.000,0.000; 0.333,0.333; 0.667,0.667; 1.000,1.000]
back [1.000,10.000; 2.000,20.000; 3.000,30.000; 4.000,40.000]
true 1x2 1x2
true 4x2
label [0.000; 1.000; 0.000; 2.000]
true 3 1 fish true 4x1
onehot [1.000,0.000,0.000; 0.000,1.000,0.000; 1.000,0.000,0.000; 0.000,0.000,1.000]
back [0.000; 1.000; 0.000; 2.000]
true 3 true 4x3
[0 1 0 2] 3
mean [1.000,4.000; 2.000,6.000; 3.000,5.000]
true true 1x2
constant [1.000,4.000; -1.000,6.000; 3.000,-1.000]
1
polynomial [1.000,2.000,3.000,4.000,6.000,9.000]
true true 2x1 1x2
variance [1.000]
1x1 4x1 4x1
back [1.000,2.000; 2.000,4.000; 3.000,6.000; 4.000,8.000]
true true 2x1 1x1 1x1 1x1
4x1 4x1
3x1 3x1 3x1 3x1
3 [0 1] [2 3 4 5]
3 2
true
