تغییر شکل [1.0,2.0; 3.0,4.0; 5.0,6.0]
تخت [1.0,2.0,3.0,4.0,5.0,6.0]
تخت ستونی [1.0; 2.0; 3.0; 4.0; 5.0; 6.0]
سطر [4.0,5.0,6.0]
ستون [3.0; 6.0]
تنظیم [3.0,5.0,6.0; 6.0,5.0,6.0]
زیرماتریس [5.0,6.0; 8.0,9.0]
کهاد [5.0,6.0; 8.0,9.0]
حذف سطر [1.0,2.0,3.0; 7.0,8.0,9.0]
حذف ستون [1.0,3.0; 4.0,6.0; 7.0,9.0]
درج سطر [1.0,2.0,3.0; 1.0,2.0,3.0; 4.0,5.0,6.0]
درج ستون [3.0,1.0,2.0,3.0; 6.0,4.0,5.0,6.0]
تعویض [6.0,5.0,6.0; 6.0,5.0,3.0]
قطر [1.0,5.0,9.0]
قطر جابه‌جا [2.0,6.0]
قطر تازه [11.0,11.0,11.0]
افقی [1.0,2.0,3.0,1.0,2.0,3.0; 4.0,5.0,6.0,4.0,5.0,6.0]
عمودی [1.0,2.0,3.0; 4.0,5.0,6.0; 1.0,2.0,3.0; 4.0,5.0,6.0]
افزوده [1.0,2.0,3.0,1.0,0.0,0.0; 4.0,5.0,6.0,0.0,1.0,0.0; 7.0,8.0,9.0,0.0,0.0,1.0]
قطری بلوکی [1.0,0.0; 0.0,2.0]
بالامثلثی [1.0,2.0,3.0; 0.0,5.0,6.0; 0.0,0.0,9.0]
پایین‌مثلثی [0.0,0.0,0.0; 4.0,0.0,0.0; 7.0,8.0,0.0]
متقارن‌سازی [1.0,2.0,3.0; 2.0,5.0,6.0; 3.0,6.0,9.0]
بخش متقارن [1.0,3.0,5.0; 3.0,5.0,7.0; 5.0,7.0,9.0]
پادمتقارن [0.0,-1.0,-2.0; 1.0,0.0,-1.0; 2.0,1.0,0.0]
برعکس عمودی [4.0,5.0,6.0; 1.0,2.0,3.0]
برعکس افقی [3.0,2.0,1.0; 6.0,5.0,4.0]
چرخش [3.0,6.0; 2.0,5.0; 1.0,4.0]
دوری [3.0,1.0,2.0; 6.0,4.0,5.0]
کاشی [1.0,1.0; 1.0,1.0]
لبه [9.0,9.0; 1.0,9.0]
