هیلبرت [1.000,0.500; 0.500,0.333]
هیلبرت در وارون [1.000,0.000,0.000; 0.000,1.000,0.000; 0.000,0.000,1.000]
واندرموند [1.000,1.000,1.000; 1.000,2.000,4.000; 1.000,3.000,9.000]
توپلیتز [1.000,4.000,5.000; 2.000,1.000,4.000; 3.000,2.000,1.000]
هنکل [1.000,2.000,3.000; 2.000,3.000,4.000; 3.000,4.000,5.000]
دورانی [1.000,2.000,3.000; 3.000,1.000,2.000; 2.000,3.000,1.000]
همراه [0.000,-0.500; 1.000,1.500]
پاسکال [1.000,1.000,1.000; 1.000,2.000,3.000; 1.000,3.000,6.000]
دوران [1.000,0.000; 0.000,1.000]
دوران سه‌بعدی [1.000,0.000,0.000; 0.000,1.000,0.000; 0.000,0.000,1.000]
هاوس‌هولدر [-1.000,0.000; 0.000,1.000]
گیونز [1.000,0.000; 0.000,1.000]
جایگشت [0.000,0.000,1.000; 1.000,0.000,0.000; 0.000,1.000,0.000]
true true true
2x3 true true true
2x2
true true true
مرکزی [-1.500,-3.000; -0.500,-1.000; 0.500,1.000; 1.500,3.000]
میانگین ستونی [2.500,5.000]
انحراف معیار [1.118,2.236]
استاندارد [-1.342,-1.342; -0.447,-0.447; 0.447,0.447; 1.342,1.342]
کوواریانس [1.667,3.333; 3.333,6.667]
همبستگی [1.000,1.000; 1.000,1.000]
2x2 1x2 1x2
واریانس تبیین‌شده [1.000,0.000]
تبدیل [3.354; 1.118; 1.118; 3.354]
از تجزیه تکین [1.000,0.000]
رگرسیون [1.000; 2.000]
1.000
