18.000 2.890
حل [0.222; 0.111; 1.444]
حل برداری [0.222; 0.111; 1.444]
3 3 1 false 3x3
با تجزیه [0.222; 0.111; 1.444]
الف در وارون [1.000,0.000,0.000; 0.000,1.000,0.000; 0.000,0.000,1.000]
الحاقی [4.000,-2.000; -3.000,1.000]
باقیمانده [0.000; 0.000; 0.000]
3 3 true 3x3 1x3
کیو در آر [4.000,1.000,0.000; 1.000,3.000,1.000; 0.000,1.000,2.000]
حل کیوآر [0.222; 0.111; 1.444]
کمترین مربعات [1.000; 2.000]
متعامد [1.000,0.000; 0.000,1.000]
چولسکی [2.000,0.000,0.000; 0.500,1.658,0.000; 0.000,0.603,1.279]
حل معین مثبت [0.222; 0.111; 1.444]
حل چولسکی [0.222; 0.111; 1.444]
وارون معین مثبت [1.000,0.000,0.000; 0.000,1.000,0.000; 0.000,0.000,1.000]
18.000 2.890
true 3 3x3 1x3
حل ال‌دی‌ال [0.222; 0.111; 1.444]
لختی [1.000,1.000,0.000]
پلکانی [2.000,4.000,6.000; 0.000,-1.000,-2.000; 0.000,0.000,0.000]
کاهش‌یافته [1.000,0.000,-1.000; 0.000,1.000,2.000; 0.000,0.000,0.000]
ستون‌های محوری [0.000,1.000]
2 1
فضای تهی [1.000; -2.000; 1.000]
فضای ستونی [1.000,2.000; 2.000,4.000; 1.000,1.000]
true false
حل عمومی [0.000; 3.000; 0.000]
true
true true true
ژاکوبی [0.222; 0.111; 1.444]
تکراری [0.222; 0.111; 1.444]
تکراری [0.222; 0.111; 1.444]
تکراری [0.222; 0.111; 1.444]
نمایی [1.000,0.000; 0.000,1.000]
جذر [2.000,0.000; 0.000,3.000]
علامت [1.000,0.000; 0.000,-1.000]
چندجمله‌ای [2.000,0.000; 0.000,5.000]
کیلی همیلتون [0.000,0.000; 0.000,0.000]
لگاریتم [0.000,0.000; 0.000,0.000]
