ترانهاده [1.0,3.0; 2.0,4.0]
ضرب [2.0,1.0; 4.0,3.0]
true true
در [2.0,1.0; 4.0,3.0]
ضرب ترانهاده [3.0,1.0; 4.0,2.0]
ضرب در ترانهاده [2.0,1.0; 4.0,3.0]
گرام [10.0,14.0; 14.0,20.0]
ماتریس در بردار [-1.0; -1.0]
بردار در ماتریس [70.0,100.0]
2 5
خارجی [1.0,-1.0; -1.0,1.0]
کرونکر [3.0,3.0,0.0,0.0; 0.0,0.0,3.0,3.0]
توان [7.0,10.0; 15.0,22.0]
برداری [0.0; 0.0; 1.0]
جمع [1.0,3.0; 4.0,4.0]
تفریق [1.0,1.0; 2.0,4.0]
ضرب درایه‌ای [0.0,2.0; 3.0,0.0]
تقسیم درایه‌ای [1.0,1.0; 1.0,1.0]
قرینه [-1.0,-2.0; -3.0,-4.0]
با عدد [2.0,4.0; 6.0,8.0]
درجا [0.5,1.0; 0.5,-1.0]
ترکیب [2.0,3.0; 5.0,8.0]
بیشینه درایه‌ای [2.5,2.5; 3.0,4.0]
کمینه درایه‌ای [1.0,2.0; 2.5,2.5]
جمع سطری [11.0,22.0; 13.0,24.0]
جمع ستونی [2.0,3.0; 2.0,3.0]
ضرب سطری [10.0,40.0; 30.0,80.0]
ضرب ستونی [1.0,2.0; -3.0,-4.0]
قدرمطلق [2.3,0.0,0.5,9.0]
جذر [1.5,0.0,0.7,3.0]
ریشه سوم [2.0,-3.0]
کف و سقف [-3.0,0.0,0.0,9.0,-2.0,0.0,1.0,9.0]
گرد و برش [-2.0,0.0,1.0,9.0,-2.0,0.0,0.0,9.0]
علامت [-1.0,0.0,1.0,1.0]
مربع [5.1,0.0,0.3,81.0]
وارون درایه‌ای [0.5,0.3]
توان درایه‌ای [8.0,27.0]
برش بازه [0.0,0.0,0.5,1.0]
با عدد [0.0,0.0,0.5,9.0,-2.3,0.0,0.0,0.0]
حذف ریزه [0.0,1.0]
1.000 0.000 2.000 3.000
0.000 1.000 0.000
0.000 0.000 0.000
0.000 1.000 0.000
10 24 2.5 1 4 3
0 3 1 1 9
1.667 1.118 2.5
مجموع سطرها [3.0; 7.0]
مجموع ستون‌ها [4.0,6.0]
میانگین سطرها [1.5; 3.5]
میانگین ستون‌ها [2.0,3.0]
کمینه و بیشینه سطرها [1.0,2.0; 3.0,4.0]
کمینه و بیشینه ستون‌ها [1.0,2.0; 3.0,4.0]
تجمعی [1.0,3.0,1.0,2.0; 3.0,7.0,4.0,6.0]
ضرب تجمعی [1.0,2.0; 3.0,12.0]
2 true false true
5.477 6 7 4
5.465 5.831 2 1.414
بهنجار [0.6,0.8]
0.45 0.89
0.60 0.80
0.32 0.45
0.95 0.89
21.000 21.000 14.933
