true 2 true
مقادیر [3.000,1.000]
بازسازی [2.000,1.000; 1.000,2.000]
مقادیر ویژه متقارن [3.000,1.000]
3.000
توان [5.000,4.000; 4.000,5.000]
جذر [2.000,1.000; 1.000,2.000]
true 2 [-1.000,-2.000] [0.000,0.000] true
موهومی [1.000,-1.000]
2.000
هسنبرگ [1.000,-3.597,-0.248; -8.062,14.800,2.400; 0.000,0.400,0.200]
مشخصه [2.000,3.000,1.000]
بردار ویژه [0.707; 0.707]
3.000 3.000 1.000
true 3x2 2x2
مقادیر تکین [4.000,3.000]
تکین [4.000,3.000]
2
شبه‌وارون [0.333,0.000,0.000; 0.000,0.250,0.000]
فضای تهی [0.707; -0.707]
فضای ستونی [0.707; 0.707]
رتبه پایین [3.000,0.000; 0.000,0.000]
true true true true
true true true
true true
true 1 1
true true true
true true
true true
true true
true true true
true true true
0.778
