{"jsonrpc": "2.0", "id": 1, "method": "calc", "params": [2, "سلام", 1.5, true]}
4 2 سلام
1.5 true false
2 2
{"jsonrpc": "2.0", "id": "req-1", "method": "greet", "params": {"name": "علی"}}
علی
true {"jsonrpc": "2.0", "method": "tick", "params": []}
true add 9 2
{"jsonrpc": "2.0", "id": 1, "result": "ok"}
-32601 Method not found
{"jsonrpc": "2.0", "error": {"message": "سرور مشغول است", "code": -32000}, "id": 2}
true {"jsonrpc": "2.0", "error": {"message": "Parse error", "code": -32700}, "id": null}
true 3.5 false
true -32601 nope
true 2 true x
[{"jsonrpc": "2.0", "id": 1, "result": true}, {"jsonrpc": "2.0", "id": 2, "result": "x"}]
json-rpc-2.0 msgpack-rpc
true true
29 148
true calc 1
calc
42 true
42 true
true
{"jsonrpc": "2.0", "error": {"message": "Method not found", "code": -32601}, "id": null}
0 1 2
-32600 -32603 -32000
1 2 3
true
